// Vitest Snapshot v1

exports[`CommentCompilationWarning > should print raw error 1`] = `"foo"`;
